../Drivers/CMSIS/Include/core_cm4.h:2064:26:ITM_SendChar	16	static,ignoring_inline_asm
../Core/Src/main.c:135:5:_write	32	static
../Core/Src/main.c:143:6:HAL_ADC_ConvCpltCallback	16	static
../Core/Src/main.c:148:6:HAL_GPIO_EXTI_Callback	16	static
../Core/Src/main.c:165:5:main	80	static
../Core/Src/main.c:267:6:SystemClock_Config	88	static
../Core/Src/main.c:322:13:MX_ADC1_Init	24	static
../Core/Src/main.c:374:13:MX_ADC2_Init	24	static
../Core/Src/main.c:426:13:MX_TIM1_Init	32	static
../Core/Src/main.c:472:13:MX_USART2_UART_Init	8	static
../Core/Src/main.c:505:13:MX_GPIO_Init	40	static
../Core/Src/main.c:557:6:delay	24	static
../Core/Src/main.c:571:6:send_to_lcd	16	static
../Core/Src/main.c:588:6:lcd_send_cmd	24	static
../Core/Src/main.c:601:6:lcd_send_data	24	static
../Core/Src/main.c:614:6:lcd_clear	8	static
../Core/Src/main.c:620:6:lcd_put_cur	16	static
../Core/Src/main.c:636:6:lcd_init	8	static
../Core/Src/main.c:648:6:lcd_send_string	16	static
../Core/Src/main.c:662:6:StartPulseTask	16	static
../Core/Src/main.c:715:6:StartTempTask	16	static
../Core/Src/main.c:750:6:Callback_a_min_timer	24	static
../Core/Src/main.c:890:6:HAL_TIM_PeriodElapsedCallback	16	static
../Core/Src/main.c:907:6:Error_Handler	4	static,ignoring_inline_asm
